// Jest Snapshot v1, https://goo.gl/fbAQLP

exports[`styled-components-v3-to-v4-global-style TaggedTemplateExpression case: TaggedTemplateExpression case 1`] = `
"
import { injectGlobalStyle } from 'styled-components';
injectGlobalStyle\`\`

      ↓ ↓ ↓ ↓ ↓ ↓

import { createGlobalStyle } from 'styled-components';
const GlobalStyle = createGlobalStyle\`\`;
throw new Error(
  'An injectGlobal usage was converted to createGlobalStyles via codemod but needs to be hooked up. See styled-components.com/docs/api#createglobalstyle for instructions.'
);

"
`;
